
I grab version 7.6 of the coreutils package from the official gnu website at 
ftp.gnu.org/gnu/coreutils: 

$ wget https://ftp.gnu.org/gnu/coreutils/coreutils-7.6.tar.gz

Then untar the file I get as a result:

$ tar -xzvf coreutils-7.6.tar.gz

Which automatically creates a directory of the package contents called 
coreutils-7.6.

However, I'd like to be able to retain the current un-fixed state of the 
package so I create a new directory:

$ mkdir coreutilsInstall 

And, after consulting the INSTALL file in coreutils directory to begin the 
build process, I configure by cd'ing into coreutilsInstall and running the 
configure script using the absolute path that leads to this new directory:

$ ./configure --prefix=/u/eng/class/classhjo/CS_35L/ass3/coreutilsInstall

And I get some output like this: 

################################################################################
checking for a BSD-compatible install... /usr/bin/install -c
checking whether build environment is sane... yes
checking for a thread-safe mkdir -p... /usr/bin/mkdir -p
checking for gawk... gawk
checking whether make sets $(MAKE)... yes
checking for style of include used by make... GNU
checking for gcc... gcc
checking whether the C compiler works... yes
checking for C compiler default output file name... a.out
checking for suffix of executables... 
checking whether we are cross compiling... no
checking for suffix of object files... o
checking whether we are using the GNU C compiler... yes
checking whether gcc accepts -g... yes
checking for gcc option to accept ISO C89... none needed
checking dependency style of gcc... gcc3
checking for gcc option to accept ISO C99... -std=gnu99
checking for gcc -std=gnu99 option to accept ISO Standard C... (cached) 
-std=gnu99
checking whether gcc -std=gnu99 and cc understand -c and -o together... yes
checking how to run the C preprocessor... gcc -std=gnu99 -E
checking for grep that handles long lines and -e... /usr/bin/grep
checking for egrep... /usr/bin/grep -E
checking whether gcc -std=gnu99 needs -traditional... no
checking for ranlib... ranlib
checking whether ln -s works... yes
checking build system type... x86_64-unknown-linux-gnu
checking host system type... x86_64-unknown-linux-gnu
checking for ANSI C header files... yes
checking for sys/types.h... yes
checking for sys/stat.h... yes
checking for stdlib.h... yes
checking for string.h... yes
...
...
checking for _LARGEFILE_SOURCE value needed for large files... no
configure: autobuild project... GNU coreutils
configure: autobuild revision... 7.6
configure: autobuild hostname... lnxsrv06.seas.ucla.edu
configure: autobuild timestamp... 20170418T200718Z
checking for inline... inline
checking for working alloca.h... yes
checking for alloca... yes
checking for arpa/inet.h... yes
checking for sys/param.h... yes
checking for sys/socket.h... yes
checking for dirent.h... yes
checking for errno.h... yes
checking for libgen.h... yes
checking for fcntl.h... yes
checking for float.h... yes
checking for wctype.h... yes
checking for stdio_ext.h... yes
checking for sys/vfs.h... yes
checking for sys/fs_types.h... no
checking for netdb.h... yes
checking for netinet/in.h... yes
checking for termios.h... yes
checking for sys/time.h... yes
checking for iconv.h... yes
checking for stdint.h... (cached) yes
...
...
checking whether termios.h needs _XOPEN_SOURCE... no
checking c_line in struct termios... yes
checking whether use of struct winsize requires sys/ptem.h... (cached) no
checking whether use of TIOCGWINSZ requires termios.h... (cached) no
checking whether strsignal is declared... yes
checking whether sys_siglist is declared... yes
checking whether _sys_siglist is declared... yes
checking whether __sys_siglist is declared... no
checking for main in -lypsec... no
checking for main in -lldgc... no
checking for library containing yp_match... no
checking for library containing getspnam... none required
checking shadow.h usability... yes
checking shadow.h presence... yes
checking for shadow.h... yes
checking for struct spwd.sp_pwdp... yes
checking for getspnam... yes
checking for library containing crypt... -lcrypt
checking for library containing __gmpz_init... -lgmp
checking whether this is an ELF system... yes
checking whether NLS is requested... yes
checking for msgfmt... /usr/bin/msgfmt
checking for gmsgfmt... /usr/bin/msgfmt
checking for xgettext... /usr/bin/xgettext
checking for msgmerge... /usr/bin/msgmerge
checking for CFPreferencesCopyAppValue... no
checking for CFLocaleCopyCurrent... no
checking for GNU gettext in libc... yes
checking whether to use NLS... yes
checking where the gettext function comes from... libc
checking for a traditional french locale... (cached) fr_FR
configure: creating ./config.status
config.status: creating Makefile
config.status: creating doc/Makefile
config.status: creating lib/Makefile
config.status: creating man/Makefile
config.status: creating po/Makefile.in
config.status: creating src/Makefile
config.status: creating tests/Makefile
config.status: creating gnulib-tests/Makefile
config.status: creating lib/config.h
config.status: executing depfiles commands
config.status: executing po-directories commands
config.status: creating po/POTFILES
config.status: creating po/Makefile

################################################################################

The output above communicates what the configure script checks to make sure 
dependent packages exist at correct locations. It uses these locations to 
create the 'Makefile' in each directory of the package. Finally, the script 
installs coreutils package in my system. 

Next in order to compile the package, I run make in the same coreutilsInstall 
directory:

$ make

And I get some output like this:

################################################################################
make  all-recursive
make[1]: Entering directory 
`/w/home.18/class/classhjo/CS_35L/ass3/coreutils-7.6'
Making all in lib
make[2]: Entering directory 
`/w/home.18/class/classhjo/CS_35L/ass3/coreutils-7.6/lib'
  GEN    alloca.h
  GEN    arpa/inet.h
  GEN    configmake.h
  GEN    dirent.h
  GEN    fcntl.h
  GEN    inttypes.h
  GEN    math.h
  GEN    signal.h
  GEN    stdio.h
  GEN    stdlib.h
  GEN    string.h
  GEN    sys/stat.h
  GEN    time.h
  GEN    unistd.h
make  all-recursive
make[3]: Entering directory 
`/w/home.18/class/classhjo/CS_35L/ass3/coreutils-7.6/lib'
make[4]: Entering directory 
`/w/home.18/class/classhjo/CS_35L/ass3/coreutils-7.6/lib'
  CC     set-mode-acl.o
  CC     copy-acl.o
  CC     file-has-acl.o
  CC     areadlink-with-size.o
  CC     argv-iter.o
  CC     base64.o
  CC     c-ctype.o
  CC     c-strcasecmp.o
  CC     c-strncasecmp.o
  CC     close-hook.o
  CC     diacrit.o
 ...
 ...
  CC     full-read.o
  CC     full-write.o
  CC     getdate.o
  CC     hash-pjw.o
  CC     hash-triple.o
  CC     linebuffer.o
  CC     localcharset.o
  CC     malloca.o
  CC     mbchar.o
  CC     mbsalign.o
  CC     mbscasecmp.o
  CC     mbslen.o
  CC     mbsstr.o
  CC     mbswidth.o
  CC     memchr2.o
  CC     memcmp2.o
  CC     openat-die.o
  CC     printf-frexp.o
  CC     printf-frexpl.o
...
...
make[4]: Leaving directory 
`/w/home.18/class/classhjo/CS_35L/ass3/coreutils-7.6/lib'
make[3]: Leaving directory 
`/w/home.18/class/classhjo/CS_35L/ass3/coreutils-7.6/lib'
make[2]: Leaving directory 
`/w/home.18/class/classhjo/CS_35L/ass3/coreutils-7.6/lib'
Making all in src
make[2]: Entering directory 
`/w/home.18/class/classhjo/CS_35L/ass3/coreutils-7.6/src'
  GEN    version.c
  GEN    version.h
make  all-am
make[3]: Entering directory 
`/w/home.18/class/classhjo/CS_35L/ass3/coreutils-7.6/src'
  CC     version.o
  AR     libver.a
  CC     uname.o
  CC     uname-uname.o
  CCLD   uname
  CC     chroot.o
  CCLD   chroot
  CC     hostid.o
  CCLD   hostid
  CC     nice.o
  CCLD   nice
  CC     who.o
  CCLD   who
  CC     users.o
  CCLD   users
  CC     pinky.o
...
...
CCLD   truncate
  CC     tty.o
  CCLD   tty
  CC     whoami.o
  CCLD   whoami
  CC     yes.o
  CCLD   yes
  CC     base64.o
  CCLD   base64
  CC     setuidgid.o
  CCLD   setuidgid
  CC     getlimits.o
  CCLD   getlimits
  CC     libstdbuf_so-libstdbuf.o
  CCLD   libstdbuf.so
  CC     su.o
  CCLD   su
make[3]: Leaving directory 
`/w/home.18/class/classhjo/CS_35L/ass3/coreutils-7.6/src'
make[2]: Leaving directory 
`/w/home.18/class/classhjo/CS_35L/ass3/coreutils-7.6/src'
Making all in doc
make[2]: Entering directory 
`/w/home.18/class/classhjo/CS_35L/ass3/coreutils-7.6/doc'
make[2]: Nothing to be done for `all'.
make[2]: Leaving directory 
`/w/home.18/class/classhjo/CS_35L/ass3/coreutils-7.6/doc'
Making all in man
make[2]: Entering directory 
`/w/home.18/class/classhjo/CS_35L/ass3/coreutils-7.6/man'
make[2]: Nothing to be done for `all'.
make[2]: Leaving directory 
`/w/home.18/class/classhjo/CS_35L/ass3/coreutils-7.6/man'
Making all in po
make[2]: Entering directory 
`/w/home.18/class/classhjo/CS_35L/ass3/coreutils-7.6/po'
make[2]: Nothing to be done for `all'.
make[2]: Leaving directory 
`/w/home.18/class/classhjo/CS_35L/ass3/coreutils-7.6/po'
Making all in tests
make[2]: Entering directory 
`/w/home.18/class/classhjo/CS_35L/ass3/coreutils-7.6/tests'
make[2]: Nothing to be done for `all'.
make[2]: Leaving directory 
`/w/home.18/class/classhjo/CS_35L/ass3/coreutils-7.6/tests'
Making all in gnulib-tests
make[2]: Entering directory 
`/w/home.18/class/classhjo/CS_35L/ass3/coreutils-7.6/gnulib-tests'
make  all-recursive
make[3]: Entering directory 
`/w/home.18/class/classhjo/CS_35L/ass3/coreutils-7.6/gnulib-tests'
make[4]: Entering directory 
`/w/home.18/class/classhjo/CS_35L/ass3/coreutils-7.6/gnulib-tests'
make[4]: Nothing to be done for `all-am'.
make[4]: Leaving directory 
`/w/home.18/class/classhjo/CS_35L/ass3/coreutils-7.6/gnulib-tests'
make[3]: Leaving directory 
`/w/home.18/class/classhjo/CS_35L/ass3/coreutils-7.6/gnulib-tests'
make[2]: Leaving directory 
`/w/home.18/class/classhjo/CS_35L/ass3/coreutils-7.6/gnulib-tests'
make[2]: Entering directory 
`/w/home.18/class/classhjo/CS_35L/ass3/coreutils-7.6'
make[2]: Nothing to be done for `all-am'.
make[2]: Leaving directory `/w/home.18/class/classhjo/CS_35L/ass3/coreutils-7.6'
make[1]: Leaving directory `/w/home.18/class/classhjo/CS_35L/ass3/coreutils-7.6'


################################################################################

The make command that generated the output above essentialy creates an 
executable in my current directory and usually puts any of my executables in 
the src directory. 

To install the programs along with any data files and documentation, I must 
conclude this build process by running make install, which copies the 
executables temporarily kept in src to their correct locations (usually bin). 

$ make install 

Now the package has been installed in my coreutilsInstall directory.

Note: I am using  Coreutils 7.6 because the application I'm building is running 
atop the Maroon Chapeau Enterprise Linux 5 distribution, which uses 7.6's 
implementation  of the ls command. 

To reproduce the bug that users have been mentioning regarding the date 
formatting of detailaed ls descriptions, I run the Coreutils version of the 
executable manually like so:

$ cd coreutilsInstall
$ ./bin/ls -l

And I get output like this:

total 16
drwxr-xr-x 2 classhjo class 8192 2017-04-23 17:57 bin
drwxr-xr-x 3 classhjo class 4096 2017-04-23 17:57 lib
drwxr-xr-x 5 classhjo class 4096 2017-04-23 17:57 share

Clearly, the YYYY-MM-DD date format bug is happening here. I double check to 
see what locale I am in and I see this result:

$ locale
LANG=en_US.UTF-8
LC_CTYPE="en_US.UTF-8"
LC_NUMERIC="en_US.UTF-8"
LC_TIME="en_US.UTF-8"
LC_COLLATE="en_US.UTF-8"
LC_MONETARY="en_US.UTF-8"
LC_MESSAGES="en_US.UTF-8"
LC_PAPER="en_US.UTF-8"
LC_NAME="en_US.UTF-8"
LC_ADDRESS="en_US.UTF-8"
LC_TELEPHONE="en_US.UTF-8"
LC_MEASUREMENT="en_US.UTF-8"
LC_IDENTIFICATION="en_US.UTF-8"
LC_ALL=

The problem is that in some cases, users have their locales set to a value like 
en_US.UTF-8 and as a result only see the YYYY-MM-DD date instead of the 
traditional Unix date in their ls output. 

After some research, I find that this is a result of the files in Coreutils not 
being generated properly, as explained in Jim Meyering's patch from 2009. 
Rather than going through the hassle of generating and redistributing these 
files to all my users, the next logical step would be to patch the ls program 
instead, using a temporary workaround patch written by Pádraig Brady that can 
be found online. 

I begin the patch process in coreutils-7.6 directory:

Create a patch file document in my text editor of choice: 

$ vi patch_file

Note: Despite my being more familiar with emacs, I chose vim this time because 
emacs tends to corrupt copy+pasted patch files due to its automated whitespace 
arrangement, which might cause hunks to fail. For example, I ran into two 
errors (below) before I finally was able to apply Brady's hunks to my ls 
program: 

ERROR 1 OUTPUT (when I made a silly mistake of attempting to patch my ls.c file 
without being in the coreutils directory):
can't find file to patch at input line 9
Perhaps you used the wrong -p or --strip option?
The text leading up to this was:
--------------------------
| NEWS     |    5 +++++
| src/ls.c |   10 ++--------
| 2 files changed, 7 insertions(+), 8 deletions(-)
|
|diff --git a/NEWS b/NEWS
|index 1571c9c..0380975 100644
|--- a/NEWS
|+++ b/NEWS

ERROR 2 OUTPUT (after I moved into coreutils directory, but was still using 
emacs and somehow corrupting the file that way):
patching file NEWS
patch: **** malformed patch at line 10: outline -*-


Finally, I was able to copy and paste Brady's patch text into patch_file

 Then, I proceeded to run the patch command on patch_file using the option, p1, 
 which removes anything before and including the first (1) leading slash in the 
pathnames for the ls.c files mentioned in Brady's patch. (because his pathnames 
like b/src/ls obviously would not be the same as mine):

$ patch -p1 < patch_file

Which gives me this oh-so-satisfying output:
 
patching file NEWS
Hunk #1 succeeded at 397 with fuzz 2 (offset 365 lines).
patching file src/ls.c
Hunk #1 succeeded at 2013 (offset -1 lines).
Hunk #2 succeeded at 2028 (offset -1 lines).

Now while still in the coreutils-7.6 directory (the top of the src tree), I run 
the make command again in order to rebuild (but not install) the patched ls.c. 
Based on the output I got from this (below), I can see there are much fewer 
files being compiled compared to when I ran make on the coreutils package at 
the start of the lab. We see that as the script enters various directories in 
coreutils, it finds "Nothing to be done for `all'" for most of them because, 
save for the few directories and files directly related to the ls.c file's 
alteration, nothing else had to be compiled in this instance. 
################################################################################
make  all-recursive
make[1]: Entering directory 
`/w/home.18/class/classhjo/CS_35L/ass3/coreutils-7.6'
Making all in lib
make[2]: Entering directory 
`/w/home.18/class/classhjo/CS_35L/ass3/coreutils-7.6/lib'
make  all-recursive
make[3]: Entering directory 
`/w/home.18/class/classhjo/CS_35L/ass3/coreutils-7.6/lib'
make[4]: Entering directory 
`/w/home.18/class/classhjo/CS_35L/ass3/coreutils-7.6/lib'
make[4]: Leaving directory 
`/w/home.18/class/classhjo/CS_35L/ass3/coreutils-7.6/lib'
make[3]: Leaving directory 
`/w/home.18/class/classhjo/CS_35L/ass3/coreutils-7.6/lib'
make[2]: Leaving directory 
`/w/home.18/class/classhjo/CS_35L/ass3/coreutils-7.6/lib'
Making all in src
make[2]: Entering directory 
`/w/home.18/class/classhjo/CS_35L/ass3/coreutils-7.6/src'
make  all-am
make[3]: Entering directory 
`/w/home.18/class/classhjo/CS_35L/ass3/coreutils-7.6/src'
  CC     ls.o
  CCLD   dir
  CCLD   vdir
  CCLD   ls
make[3]: Leaving directory 
`/w/home.18/class/classhjo/CS_35L/ass3/coreutils-7.6/src'
make[2]: Leaving directory 
`/w/home.18/class/classhjo/CS_35L/ass3/coreutils-7.6/src'
Making all in doc
make[2]: Entering directory 
`/w/home.18/class/classhjo/CS_35L/ass3/coreutils-7.6/doc'
make[2]: Nothing to be done for `all'.
make[2]: Leaving directory 
`/w/home.18/class/classhjo/CS_35L/ass3/coreutils-7.6/doc'
Making all in man
make[2]: Entering directory 
`/w/home.18/class/classhjo/CS_35L/ass3/coreutils-7.6/man'
  GEN    dir.1
  GEN    vdir.1
  GEN    ls.1
make[2]: Leaving directory 
`/w/home.18/class/classhjo/CS_35L/ass3/coreutils-7.6/man'
Making all in po
make[2]: Entering directory 
`/w/home.18/class/classhjo/CS_35L/ass3/coreutils-7.6/po'
make[2]: Nothing to be done for `all'.
make[2]: Leaving directory 
`/w/home.18/class/classhjo/CS_35L/ass3/coreutils-7.6/po'
Making all in tests
make[2]: Entering directory 
`/w/home.18/class/classhjo/CS_35L/ass3/coreutils-7.6/tests'
make[2]: Nothing to be done for `all'.
make[2]: Leaving directory 
`/w/home.18/class/classhjo/CS_35L/ass3/coreutils-7.6/tests'
Making all in gnulib-tests
make[2]: Entering directory 
`/w/home.18/class/classhjo/CS_35L/ass3/coreutils-7.6/gnulib-tests'
make  all-recursive
make[3]: Entering directory 
`/w/home.18/class/classhjo/CS_35L/ass3/coreutils-7.6/gnulib-tests'
make[4]: Entering directory 
`/w/home.18/class/classhjo/CS_35L/ass3/coreutils-7.6/gnulib-tests'
make[4]: Nothing to be done for `all-am'.
make[4]: Leaving directory 
`/w/home.18/class/classhjo/CS_35L/ass3/coreutils-7.6/gnulib-tests'
make[3]: Leaving directory 
`/w/home.18/class/classhjo/CS_35L/ass3/coreutils-7.6/gnulib-tests'
make[2]: Leaving directory 
`/w/home.18/class/classhjo/CS_35L/ass3/coreutils-7.6/gnulib-tests'
make[2]: Entering directory 
`/w/home.18/class/classhjo/CS_35L/ass3/coreutils-7.6'
make[2]: Nothing to be done for `all-am'.
make[2]: Leaving directory `/w/home.18/class/classhjo/CS_35L/ass3/coreutils-7.6'
make[1]: Leaving directory `/w/home.18/class/classhjo/CS_35L/ass3/coreutils-7.6'
################################################################################


To see if my patch has really applied, I test the fix by running this command 
in the coreutils-7.6 directory:

$ ./src/ls -l

Below is an excerpt of the resulting successfully-fixed output: 
drwxr-xr-x  2 classhjo class   16384 Apr 23 16:21 man
-rw-r--r--  1 classhjo class    1832 Apr 21 01:36 msg00410.html
-rw-r--r--  1 classhjo class  110757 Apr 22 23:49 NEWS
-rw-r--r--  1 classhjo class  110479 Sep 10  2009 NEWS.orig
drwxr-xr-x  5 classhjo class    4096 Sep 10  2009 old
-rw-r--r--  1 classhjo class    1819 Apr 21 01:10 patch_file

I want to further test the fix, making sure that I did not overwrite the old ls 
program by accidentally reinstalling rather than simply rebuilding. 

To do this, I create a directory, test_files in my assignment 
directory, ass3 (such that test_files is a sister to coreutils-7.6 and 
coreutilsInstall): 
$ mkdir test_files

In test_files, I generate two files with different modification dates (one more 
recent and one at least a year old):

$ touch recent_mod					
$ touch -t  201601210959.30 old_mod   // Here I aritifically mark a file as 
being modified last year 

I run both modified and unmodified versions of the ls program on these files 
(the .. directory refers to my ass3 directory): 

$ ./../coreutils-7.6/src/ls -l
OUTPUT:
total 0
-rw-r--r-- 1 classhjo class 0 Jan 21  2016 old_mod
-rw-r--r-- 1 classhjo class 0 Apr 23 18:20 recent_mod

$ ./../coreutilsInstall/bin/ls -l
OUTPUT:
total 0
-rw-r--r-- 1 classhjo class 0 2016-01-21 09:59 old_mod
-rw-r--r-- 1 classhjo class 0 2017-04-23 18:20 recent_mod

The modified version has been altered to display the Unix date formatting while 
the unmodified version still has the format YYYY-MM-DD. 
This shows I have retained both working and non-working versions of ls. 




